
> mypage@0.1.0 build C:\Users\USER\Downloads\MYPAGE\mypage
> next build

ظû▓ Next.js 16.1.6 (Turbopack)

  Creating an optimized production build ...
node.exe : 
At C:\Users\USER\AppDat
a\Roaming\npm\pnpm.ps1:
24 char:5
+     & "node$exe"  "$b
asedir/node_modules/pnp
m/bin/pnpm.cjs" $args
+     ~~~~~~~~~~~~~~~~~
~~~~~~~~~~~~~~~~~~~~~~~
~~~~~~~~~~~~~~~~~~~~~
    + CategoryInfo     
         : NotSpecifi  
  ed: (:String) [],    
 RemoteException
    + FullyQualifiedEr 
   rorId : NativeComm  
  andError
 
> Build error occurred
Error: Turbopack build 
failed with 1 errors:
./app/globals.css
Error evaluating 
Node.js code
Error: Cannot find 
module 'C:\Users\USER\D
ownloads\MYPAGE\mypage\
node_modules\.pnpm\enha
nced-resolve@5.19.0\nod
e_modules\tapable\lib\i
ndex.js'. Please 
verify that the 
package.json has a 
valid "main" entry
    [at tryPackage (nod
e:internal/modules/cjs/
loader:531:19)]
    [at 
Module._findPath (node:
internal/modules/cjs/lo
ader:799:18)]
    [at Module._resolve
Filename (node:internal
/modules/cjs/loader:144
1:27)]
    [at 
defaultResolveImpl (nod
e:internal/modules/cjs/
loader:1066:19)]
    [at 
resolveForCJSWithHooks 
(node:internal/modules/
cjs/loader:1071:22)]
    [at Module._load (n
ode:internal/modules/cj
s/loader:1242:25)]
    [at wrapModuleLoad 
(node:internal/modules/
cjs/loader:255:19)]
    [at Module.require 
(node:internal/modules/
cjs/loader:1556:12)]
    [at require (node:i
nternal/modules/helpers
:152:16)]
    [at 
Object.<anonymous> (C:\
Users\USER\Downloads\MY
PAGE\mypage\node_module
s\.pnpm\enhanced-resolv
e@5.19.0\node_modules\e
nhanced-resolve\lib\Res
olver.js:8:60)]

Import trace:
  Client Component 
Browser:
    ./app/globals.css 
[Client Component 
Browser]
    ./app/layout.tsx 
[Server Component]


    at ignore-listed 
frames
ظëELIFECYCLEظë Command failed with exit code 1.
